// Jest Snapshot v1, https://goo.gl/fbAQLP

exports[`App should display school districts 1`] = `
<div>
  <h1 />
</div>
`;
